// Jest Snapshot v1, https://goo.gl/fbAQLP

exports[`DataStores renders to match snapshot passing correct props to children 1`] = `
<div>
  ResourceStackCards Mock 
  {"resources":[{"key":"test-key","name":"Test Name"}],"typeName":"Data Store","typeNamePlural":"Data Stores"}
</div>
`;
