// Jest Snapshot v1, https://goo.gl/fbAQLP

exports[`UserMultiSelect renders to match snapshot passing correct props to children 1`] = `
<Fragment>
  <WithStyles(ForwardRef(Autocomplete))
    autoHighlight={true}
    getOptionLabel={[Function]}
    getOptionSelected={[Function]}
    loading={false}
    multiple={true}
    onChange={[Function]}
    options={
      Array [
        Object {
          "name": "Test Name 1",
          "userId": "user-1",
        },
        Object {
          "name": "Test Name 2",
          "userId": "user-2",
        },
      ]
    }
    renderInput={[Function]}
    renderOption={[Function]}
    style={
      Object {
        "marginBottom": 10,
        "minWidth": 250,
      }
    }
    value={
      Array [
        Object {
          "name": "Test Name 1",
          "userId": "user-1",
        },
        Object {
          "name": "Test Name 2",
          "userId": "user-2",
        },
      ]
    }
  />
</Fragment>
`;
