// Jest Snapshot v1, https://goo.gl/fbAQLP

exports[`AdminUsersPage renders correct snapshot 1`] = `
<div>
  <div
    class="Page-pageTemplate-1"
  >
    <h4
      class="MuiTypography-root MuiTypography-h4 Page-title-3 css-1yqx3hy-MuiTypography-root"
    >
      Users
    </h4>
    <div
      class="Page-contentArea-2"
    >
      <div>
        AdminUsersContainer mock
      </div>
    </div>
    <div>
      Footer mock
    </div>
  </div>
</div>
`;
