// Jest Snapshot v1, https://goo.gl/fbAQLP

exports[`DataStoragePage renders correct snapshot 1`] = `
<WithStyles(Page)
  title="Storage"
>
  <Connect(DataStorageContainer)
    projectKey="project99"
    userPermissions={
      Array [
        "expectedPermission",
      ]
    }
  />
</WithStyles(Page)>
`;
