// Jest Snapshot v1, https://goo.gl/fbAQLP

exports[`DescribeElementCardBody renders correct snapshot 1`] = `
<div
  className="DescribeElementCardBody-cardContent-1"
>
  <WithStyles(ForwardRef(Typography))
    className="DescribeElementCardBody-bodyText-2"
    variant="body2"
  >
    expectedContent
  </WithStyles(ForwardRef(Typography))>
</div>
`;

exports[`DescribeElementCardBody renders correct snapshot with switches 1`] = `
<WithStyles(ForwardRef(CardMedia))
  className="DescribeElementCardBody-cardImage-4"
  image="moreContent"
  key="card-body"
/>
`;
