// Jest Snapshot v1, https://goo.gl/fbAQLP

exports[`handleSharedChange handles Jupyter notebooks changing to private 1`] = `
"---
apiVersion: batch/v1
kind: Job
metadata:
  name: job-stackname
spec:
  ttlSecondsAfterFinished: 0
  template:
    spec:
      securityContext:
        runAsUser: 1000
      containers:
      - name: job-stackname
        image: busybox
        imagePullPolicy: IfNotPresent
        command: [\\"sh\\"]
        args: [\\"-c\\", \\"rm -f /mnt/persistentfs/notebooks/jupyterlab-stackname/.jupyter/runtime/jupyter_cookie_secret\\"]
        volumeMounts:
          - mountPath: /mnt/persistentfs
            name: persistentfsvol
      - name: curl-job
        image: curlimages/curl
        imagePullPolicy: IfNotPresent
        command: [\\"sh\\"]
        # Command in single quotes as there are double quotes in the command itself
        args: [\\"-c\\", 'curl -X PUT host.docker.internal:undefined/stack/project/restart -H \\"Authorization: $TOKEN\\" -H \\"Content-Type: application/json\\" -d ''{\\"projectKey\\":\\"project\\",\\"name\\":\\"stackname\\",\\"type\\":\\"jupyterlab\\"}''']
        env:
        - name: TOKEN
          value: \\"Bearer token\\"
      volumes:
        - name: persistentfsvol
          persistentVolumeClaim:
            claimName: volume-claim
      restartPolicy: Never
"
`;
