// Jest Snapshot v1, https://goo.gl/fbAQLP

exports[`PermissionTypes generates expected permissions 1`] = `
Object {
  "CLUSTERS_CREATE": "clusters:create",
  "CLUSTERS_DELETE": "clusters:delete",
  "CLUSTERS_EDIT": "clusters:edit",
  "CLUSTERS_LIST": "clusters:list",
  "CLUSTERS_OPEN": "clusters:open",
  "CLUSTERS_READ": "clusters:read",
  "PERMISSIONS_CREATE": "permissions:create",
  "PERMISSIONS_DELETE": "permissions:delete",
  "PERMISSIONS_EDIT": "permissions:edit",
  "PERMISSIONS_LIST": "permissions:list",
  "PERMISSIONS_OPEN": "permissions:open",
  "PERMISSIONS_READ": "permissions:read",
  "PROJECTS_CREATE": "projects:create",
  "PROJECTS_DELETE": "projects:delete",
  "PROJECTS_EDIT": "projects:edit",
  "PROJECTS_LIST": "projects:list",
  "PROJECTS_OPEN": "projects:open",
  "PROJECTS_READ": "projects:read",
  "SETTINGS_CREATE": "settings:create",
  "SETTINGS_DELETE": "settings:delete",
  "SETTINGS_EDIT": "settings:edit",
  "SETTINGS_LIST": "settings:list",
  "SETTINGS_OPEN": "settings:open",
  "SETTINGS_READ": "settings:read",
  "STACKS_CREATE": "stacks:create",
  "STACKS_DELETE": "stacks:delete",
  "STACKS_EDIT": "stacks:edit",
  "STACKS_LIST": "stacks:list",
  "STACKS_OPEN": "stacks:open",
  "STACKS_READ": "stacks:read",
  "STORAGE_CREATE": "storage:create",
  "STORAGE_DELETE": "storage:delete",
  "STORAGE_EDIT": "storage:edit",
  "STORAGE_LIST": "storage:list",
  "STORAGE_OPEN": "storage:open",
  "STORAGE_READ": "storage:read",
}
`;

exports[`PermissionTypes generates expected permissions with the project prefix 1`] = `
Object {
  "PROJECT_KEY_CLUSTERS_CREATE": "projects:?projectKey?:clusters:create",
  "PROJECT_KEY_CLUSTERS_DELETE": "projects:?projectKey?:clusters:delete",
  "PROJECT_KEY_CLUSTERS_EDIT": "projects:?projectKey?:clusters:edit",
  "PROJECT_KEY_CLUSTERS_LIST": "projects:?projectKey?:clusters:list",
  "PROJECT_KEY_CLUSTERS_OPEN": "projects:?projectKey?:clusters:open",
  "PROJECT_KEY_CLUSTERS_READ": "projects:?projectKey?:clusters:read",
  "PROJECT_KEY_PERMISSIONS_CREATE": "projects:?projectKey?:permissions:create",
  "PROJECT_KEY_PERMISSIONS_DELETE": "projects:?projectKey?:permissions:delete",
  "PROJECT_KEY_PERMISSIONS_EDIT": "projects:?projectKey?:permissions:edit",
  "PROJECT_KEY_PERMISSIONS_LIST": "projects:?projectKey?:permissions:list",
  "PROJECT_KEY_PERMISSIONS_OPEN": "projects:?projectKey?:permissions:open",
  "PROJECT_KEY_PERMISSIONS_READ": "projects:?projectKey?:permissions:read",
  "PROJECT_KEY_PROJECTS_CREATE": "projects:?projectKey?:projects:create",
  "PROJECT_KEY_PROJECTS_DELETE": "projects:?projectKey?:projects:delete",
  "PROJECT_KEY_PROJECTS_EDIT": "projects:?projectKey?:projects:edit",
  "PROJECT_KEY_PROJECTS_LIST": "projects:?projectKey?:projects:list",
  "PROJECT_KEY_PROJECTS_OPEN": "projects:?projectKey?:projects:open",
  "PROJECT_KEY_PROJECTS_READ": "projects:?projectKey?:projects:read",
  "PROJECT_KEY_SETTINGS_CREATE": "projects:?projectKey?:settings:create",
  "PROJECT_KEY_SETTINGS_DELETE": "projects:?projectKey?:settings:delete",
  "PROJECT_KEY_SETTINGS_EDIT": "projects:?projectKey?:settings:edit",
  "PROJECT_KEY_SETTINGS_LIST": "projects:?projectKey?:settings:list",
  "PROJECT_KEY_SETTINGS_OPEN": "projects:?projectKey?:settings:open",
  "PROJECT_KEY_SETTINGS_READ": "projects:?projectKey?:settings:read",
  "PROJECT_KEY_STACKS_CREATE": "projects:?projectKey?:stacks:create",
  "PROJECT_KEY_STACKS_DELETE": "projects:?projectKey?:stacks:delete",
  "PROJECT_KEY_STACKS_EDIT": "projects:?projectKey?:stacks:edit",
  "PROJECT_KEY_STACKS_LIST": "projects:?projectKey?:stacks:list",
  "PROJECT_KEY_STACKS_OPEN": "projects:?projectKey?:stacks:open",
  "PROJECT_KEY_STACKS_READ": "projects:?projectKey?:stacks:read",
  "PROJECT_KEY_STORAGE_CREATE": "projects:?projectKey?:storage:create",
  "PROJECT_KEY_STORAGE_DELETE": "projects:?projectKey?:storage:delete",
  "PROJECT_KEY_STORAGE_EDIT": "projects:?projectKey?:storage:edit",
  "PROJECT_KEY_STORAGE_LIST": "projects:?projectKey?:storage:list",
  "PROJECT_KEY_STORAGE_OPEN": "projects:?projectKey?:storage:open",
  "PROJECT_KEY_STORAGE_READ": "projects:?projectKey?:storage:read",
  "PROJECT_KEY_USERS_LIST": "projects:?projectKey?:users:list",
}
`;

exports[`PermissionTypes generates expected system permissions 1`] = `
Object {
  "SYSTEM_DATA_MANAGER": "system:data:manager",
  "SYSTEM_INSTANCE_ADMIN": "system:instance:admin",
}
`;
