// Jest Snapshot v1, https://goo.gl/fbAQLP

exports[`NotebooksContainer renders correctly passing correct props to children 1`] = `
<mockConstructor
  containerType="ANALYSIS"
  dialogAction="MODAL_TYPE_CREATE_NOTEBOOK"
  editDialogAction="MODAL_TYPE_EDIT_NOTEBOOK"
  formComponent={[MockFunction]}
  formStateName="createNotebook"
  typeName="Notebook"
  typeNamePlural="Notebooks"
  userPermissions={
    Array [
      "expectedPermission",
    ]
  }
/>
`;
