// Jest Snapshot v1, https://goo.gl/fbAQLP

exports[`Notebook dialog creates correct snapshot 1`] = `
<WithStyles(Dialog)
  maxWidth="md"
  open={true}
>
  <div
    style={
      Object {
        "display": "flex",
        "flexDirection": "row",
        "margin": 10,
      }
    }
  >
    <div>
      <WithStyles(DialogTitle)>
        Title
      </WithStyles(DialogTitle)>
      <WithStyles(DialogContent)>
        <ReduxForm
          cancel={[Function]}
          dataStorageOptions={
            Array [
              Object {
                "value": "value",
              },
              Object {
                "value": "another value",
              },
            ]
          }
          onSubmit={[Function]}
        />
      </WithStyles(DialogContent)>
    </div>
    <div
      style={
        Object {
          "width": 320,
        }
      }
    >
      <WithStyles(DialogTitle)>
        Notebook Preview
      </WithStyles(DialogTitle)>
      <div
        style={
          Object {
            "margin": "0 auto",
            "width": "90%",
          }
        }
      >
        <Connect(PreviewNotebookCard) />
      </div>
    </div>
  </div>
</WithStyles(Dialog)>
`;
