// Jest Snapshot v1, https://goo.gl/fbAQLP

exports[`DescribeDatalabs renders correct snapshot 1`] = `
<div
  className="Navigation-container-1"
>
  <div
    className="Navigation-appFrame-2"
  >
    <WithStyles(TopBar)
      identity={
        Object {
          "expected": "identity",
        }
      }
    />
    <main
      className="Navigation-pageContainer-3"
    >
      <span>
        Content
      </span>
    </main>
  </div>
</div>
`;
