// Jest Snapshot v1, https://goo.gl/fbAQLP

exports[`SideBarSubheader renders correct snapshot 1`] = `
<div>
  <li
    class="MuiListSubheader-root MuiListSubheader-gutters SideBarSubheader-subheader-1 css-x9njn-MuiListSubheader-root"
  >
    expectedChild
  </li>
</div>
`;
