// Jest Snapshot v1, https://goo.gl/fbAQLP

exports[`StackCardActions creates correct snapshot 1`] = `
<WithStyles(ForwardRef(CardActions))
  style={
    Object {
      "justifyContent": "space-between",
      "marginTop": 4,
      "padding": 0,
    }
  }
>
  <ComponentWrapper
    permission="open"
    userPermissions={
      Array [
        "open",
        "delete",
        "edit",
      ]
    }
  >
    <WithStyles(ForwardRef(Button))
      color="primary"
      disabled={false}
      onClick={[Function]}
      style={
        Object {
          "marginLeft": 4,
          "marginRight": 4,
        }
      }
      variant="contained"
    >
      Open
    </WithStyles(ForwardRef(Button))>
  </ComponentWrapper>
  <ComponentWrapper
    permission="delete"
    userPermissions={
      Array [
        "open",
        "delete",
        "edit",
      ]
    }
  >
    <WithStyles(ForwardRef(Button))
      color="secondary"
      disabled={false}
      onClick={[Function]}
      style={
        Object {
          "marginLeft": 4,
          "marginRight": 4,
        }
      }
      variant="contained"
    >
      Delete
    </WithStyles(ForwardRef(Button))>
  </ComponentWrapper>
  <ComponentWrapper
    permission="edit"
    userPermissions={
      Array [
        "open",
        "delete",
        "edit",
      ]
    }
  >
    <WithStyles(ForwardRef(Button))
      color="secondary"
      disabled={false}
      onClick={[Function]}
      style={
        Object {
          "marginLeft": 4,
          "marginRight": 4,
        }
      }
      variant="contained"
    >
      Edit
    </WithStyles(ForwardRef(Button))>
  </ComponentWrapper>
</WithStyles(ForwardRef(CardActions))>
`;
