// Jest Snapshot v1, https://goo.gl/fbAQLP

exports[`PrimaryActionButton overrides variant and color props 1`] = `
<div>
  <button
    class="MuiButton-root MuiButton-outlined MuiButton-outlinedPrimary MuiButton-sizeMedium MuiButton-outlinedSizeMedium MuiButtonBase-root  css-o0h1hg-MuiButtonBase-root-MuiButton-root"
    tabindex="0"
    type="button"
  >
    <div>
      Test Child
    </div>
    <span
      class="MuiTouchRipple-root css-8je8zh-MuiTouchRipple-root"
    />
  </button>
</div>
`;
