// Jest Snapshot v1, https://goo.gl/fbAQLP

exports[`ProjectClusters renders to match snapshot passing correct props to children 1`] = `
<div>
  <div
    class="MuiPaper-root MuiExpansionPanel-root WithStyles(ForwardRef(ExpansionPanel))-root-1 Mui-expanded WithStyles(ForwardRef(ExpansionPanel))-expanded-2 MuiExpansionPanel-rounded MuiPaper-elevation1 MuiPaper-rounded"
  >
    <div
      aria-disabled="false"
      aria-expanded="true"
      class="MuiButtonBase-root MuiExpansionPanelSummary-root WithStyles(ForwardRef(ExpansionPanelSummary))-root-35 Mui-expanded WithStyles(ForwardRef(ExpansionPanelSummary))-expanded-37"
      role="button"
      tabindex="0"
    >
      <div
        class="MuiExpansionPanelSummary-content WithStyles(ForwardRef(ExpansionPanelSummary))-content-38 Mui-expanded WithStyles(ForwardRef(ExpansionPanelSummary))-expanded-37"
      >
        <h6
          class="MuiTypography-root MuiTypography-h6"
        >
          Clusters
        </h6>
      </div>
      <div
        aria-disabled="false"
        aria-hidden="true"
        class="MuiButtonBase-root MuiIconButton-root MuiExpansionPanelSummary-expandIcon WithStyles(ForwardRef(ExpansionPanelSummary))-expandIcon-36 Mui-expanded WithStyles(ForwardRef(ExpansionPanelSummary))-expanded-37 MuiIconButton-edgeEnd"
      >
        <span
          class="MuiIconButton-label"
        >
          <svg
            aria-hidden="true"
            class="MuiSvgIcon-root"
            focusable="false"
            viewBox="0 0 24 24"
          >
            <path
              d="M16.59 8.59L12 13.17 7.41 8.59 6 10l6 6 6-6z"
            />
          </svg>
        </span>
        <span
          class="MuiTouchRipple-root"
        />
      </div>
    </div>
    <div
      class="MuiCollapse-container MuiCollapse-entered"
      style="min-height: 0px;"
    >
      <div
        class="MuiCollapse-wrapper"
      >
        <div
          class="MuiCollapse-wrapperInner"
        >
          <div
            role="region"
          >
            <div
              class="MuiExpansionPanelDetails-root WithStyles(ForwardRef(ExpansionPanelDetails))-root-101"
            >
              ProjectClustersContainer Mock 
              {"projectKey":"test-project","modifyData":false}
            </div>
          </div>
        </div>
      </div>
    </div>
  </div>
</div>
`;
