// Jest Snapshot v1, https://goo.gl/fbAQLP

exports[`userPermissionService userPermissionsService should build correct query and unpack the result 1`] = `
"
    GetPermissions {
      userPermissions
    }"
`;
