// Jest Snapshot v1, https://goo.gl/fbAQLP

exports[`CreateNotebookForm creates correct snapshot for create Notebook Form 1`] = `
<form>
  <div>
    <Field
      component={[Function]}
      label="Display Name"
      name="displayName"
      placeholder="Display Name"
    />
  </div>
  <div>
    <Field
      component={[Function]}
      label="Notebook Type"
      name="type"
      options={
        Array [
          Object {
            "text": "Jupyter",
            "value": "jupyter",
          },
          Object {
            "text": "Jupyterlab",
            "value": "jupyterlab",
          },
          Object {
            "text": "Rstudio",
            "value": "rstudio",
          },
          Object {
            "text": "Zeppelin",
            "value": "zeppelin",
          },
        ]
      }
    />
  </div>
  <div>
    <Field
      component={[Function]}
      endText=".datalabs.ceh.ac.uk"
      label="URL Name"
      name="name"
      placeholder="Notebook Name for URL"
      startText="http://datalab-"
    />
  </div>
  <div>
    <Field
      component={[Function]}
      label="Data Store to Mount"
      name="volumeMount"
      options={
        Array [
          Object {
            "text": "First Data Store",
            "value": "alpha",
          },
          Object {
            "text": "Second Data Store",
            "value": "beta",
          },
        ]
      }
    />
  </div>
  <div>
    <Field
      component={[Function]}
      label="Description"
      name="description"
      placeholder="Description"
    />
  </div>
  <div>
    <withStyles(Button)
      color="primary"
      raised={true}
      style={
        Object {
          "margin": 8,
        }
      }
      type="submit"
    >
      Create
    </withStyles(Button)>
    <withStyles(Button)
      onClick={[Function]}
      raised={true}
      style={
        Object {
          "margin": 8,
        }
      }
    >
      Cancel
    </withStyles(Button)>
  </div>
</form>
`;
