// Jest Snapshot v1, https://goo.gl/fbAQLP

exports[`featureFlagsConfig has expected content 1`] = `
Object {
  "expireUnusedNotebooks": Object {
    "accessTimeLimit": 31,
    "accessTimeWarning": 14,
    "inUseTimeWarning": 8,
  },
  "requestProjects": false,
}
`;
